2026-05-21 12:52:50,251 : INFO : Opened Myntra homepage
2026-05-21 12:52:52,865 : INFO : Entered invalid product in search
2026-05-21 12:52:52,933 : INFO : Invalid search testcase passed
2026-05-21 12:53:50,647 : INFO : Opened product page
2026-05-21 12:53:50,698 : INFO : Multiple size options verified
2026-05-21 12:53:50,981 : INFO : Clicked Add to Bag without selecting size
2026-05-21 12:54:00,998 : INFO : Negative testcase passed
2026-05-21 12:54:37,458 : INFO : Opening Myntra homepage
2026-05-21 12:54:42,171 : INFO : Locating Beauty menu
2026-05-21 12:54:42,286 : INFO : Hovering over Beauty menu
2026-05-21 12:54:45,692 : INFO : Checking Lip Balm visibility
2026-05-21 12:54:45,726 : INFO : Beauty navigation test passed
2026-05-21 12:55:19,111 : INFO : Opening Myntra homepage
2026-05-21 12:55:23,667 : INFO : Checking popup
2026-05-21 12:55:33,712 : INFO : No popup found
2026-05-21 12:55:33,712 : INFO : Hovering over Beauty menu
2026-05-21 12:55:36,035 : INFO : Clicking Lip Balm
2026-05-21 12:55:37,873 : INFO : Opening first product
2026-05-21 12:55:38,479 : INFO : Waiting for product page
2026-05-21 12:55:41,342 : INFO : Homepage to product test passed
2026-05-21 12:56:15,159 : INFO : Opening Myntra homepage
2026-05-21 12:56:20,532 : INFO : Checking popup
2026-05-21 12:56:30,549 : INFO : No popup found
2026-05-21 12:56:30,549 : INFO : Hovering over Beauty menu
2026-05-21 12:56:30,899 : INFO : Opening Lip Balm listing page
2026-05-21 12:56:33,305 : INFO : Lip Balm listing test passed
2026-05-21 12:57:06,760 : INFO : Opening Myntra homepage
2026-05-21 12:57:11,299 : INFO : Hovering over Beauty menu
2026-05-21 12:57:14,629 : INFO : Opening Lip Balm category
2026-05-21 12:57:16,519 : INFO : Selecting product
2026-05-21 12:57:20,511 : INFO : Selecting size if required
2026-05-21 12:57:20,829 : INFO : Adding product to cart
2026-05-21 12:57:21,079 : INFO : Verifying cart
2026-05-21 12:57:21,452 : INFO : Add to cart test passed
2026-05-21 12:57:55,445 : INFO : Starting E2E test for Lip Balm
2026-05-21 12:58:02,273 : INFO : Checking popup
2026-05-21 12:58:12,325 : INFO : No popup found
2026-05-21 12:58:12,326 : INFO : Hovering over Beauty menu
2026-05-21 12:58:13,138 : INFO : Selecting product category: Lip Balm
2026-05-21 12:58:16,839 : INFO : Waiting for product listings
2026-05-21 12:58:16,880 : INFO : Opening first product
2026-05-21 12:58:16,970 : INFO : Switched to new tab
2026-05-21 12:58:16,971 : INFO : Waiting for product page
2026-05-21 12:58:20,747 : INFO : Selecting size
2026-05-21 12:58:20,807 : INFO : Adding product to bag
2026-05-21 12:58:20,874 : INFO : Going to bag
2026-05-21 12:58:25,016 : INFO : Waiting for cart
2026-05-21 12:58:25,174 : INFO : Opening quantity dropdown
2026-05-21 12:58:25,277 : INFO : Changing quantity to 2
2026-05-21 12:58:25,471 : INFO : Selecting donation
2026-05-21 12:58:25,532 : INFO : Clicking Place Order
2026-05-21 12:58:31,132 : INFO : Waiting for login redirect
2026-05-21 12:58:31,384 : INFO : E2E test passed
